	Command being timed: "python ../qual_dist.py -i /projects/bgmp/shared/2017_sequencing/1294_S1_L008_R1_001.fastq.gz -o /projects/bgmp/lxy/bioinfo/Bi622/Demultiplex/Assignment-the-first/hists/R1 -l 101 -n Read 1"
	User time (seconds): 6259.56
	System time (seconds): 0.89
	Percent of CPU this job got: 99%
	Elapsed (wall clock) time (h:mm:ss or m:ss): 1:44:41
	Average shared text size (kbytes): 0
	Average unshared data size (kbytes): 0
	Average stack size (kbytes): 0
	Average total size (kbytes): 0
	Maximum resident set size (kbytes): 70400
	Average resident set size (kbytes): 0
	Major (requiring I/O) page faults: 0
	Minor (reclaiming a frame) page faults: 16682
	Voluntary context switches: 2412
	Involuntary context switches: 14508
	Swaps: 0
	File system inputs: 0
	File system outputs: 8
	Socket messages sent: 0
	Socket messages received: 0
	Signals delivered: 0
	Page size (bytes): 4096
	Exit status: 0
